09-25 10:36:50.895: D/STATUSBAR-NetworkController(2550): refreshSignalCluster: data=0 bt=false
09-25 10:36:50.895: D/STATUSBAR-SignalClusterView(2550): mSeparateMobileGroup=8
09-25 10:36:50.895: D/STATUSBAR-SignalClusterView(2550): mSeparateMobileGroup=8
09-25 10:36:50.895: D/STATUSBAR-SignalClusterView(2550): mSeparateMobileGroup=8
09-25 10:36:50.915: D/cocos2d-x debug info(6987): DidReadCompleted bufflen 18 ,ubyes 18
09-25 10:36:50.915: D/cocos2d-x debug info(6987): serTime  : (1411612216, 1411612226), 10
09-25 10:36:50.930: D/cocos2d-x debug info(6987): NotificationCenter.cpp line:199 msg:0x10000054
09-25 10:36:50.955: W/System.err(11365): java.net.SocketTimeoutException: failed to connect to ioswx27.moon.qq.com/1.1.1.1 (port 80) after 30000ms
09-25 10:36:50.960: W/System.err(11365): 	at libcore.io.IoBridge.connectErrno(IoBridge.java:159)
09-25 10:36:50.960: W/System.err(11365): 	at libcore.io.IoBridge.connect(IoBridge.java:112)
09-25 10:36:50.960: W/System.err(11365): 	at java.net.PlainSocketImpl.connect(PlainSocketImpl.java:192)
09-25 10:36:50.960: W/System.err(11365): 	at java.net.PlainSocketImpl.connect(PlainSocketImpl.java:459)
09-25 10:36:50.960: W/System.err(11365): 	at java.net.Socket.connect(Socket.java:842)
09-25 10:36:50.960: W/System.err(11365): 	at com.tencent.feedback.a.a.a(RQDSRC:112)
09-25 10:36:50.960: W/System.err(11365): 	at com.tencent.feedback.a.c.run(RQDSRC:91)
09-25 10:36:50.960: W/System.err(11365): 	at java.util.concurrent.Executors$RunnableAdapter.call(Executors.java:442)
09-25 10:36:50.960: W/System.err(11365): 	at java.util.concurrent.FutureTask$Sync.innerRun(FutureTask.java:305)
09-25 10:36:50.960: W/System.err(11365): 	at java.util.concurrent.FutureTask.run(FutureTask.java:137)
09-25 10:36:50.960: W/System.err(11365): 	at java.util.concurrent.ScheduledThreadPoolExecutor$ScheduledFutureTask.access$201(ScheduledThreadPoolExecutor.java:150)
09-25 10:36:50.960: W/System.err(11365): 	at java.util.concurrent.ScheduledThreadPoolExecutor$ScheduledFutureTask.run(ScheduledThreadPoolExecutor.java:264)
09-25 10:36:50.960: W/System.err(11365): 	at java.util.concurrent.ThreadPoolExecutor.runWorker(ThreadPoolExecutor.java:1076)
09-25 10:36:50.960: W/System.err(11365): 	at java.util.concurrent.ThreadPoolExecutor$Worker.run(ThreadPoolExecutor.java:569)
09-25 10:36:50.960: W/System.err(11365): 	at java.lang.Thread.run(Thread.java:856)
09-25 10:36:52.900: D/STATUSBAR-NetworkController(2550): refreshSignalCluster: data=0 bt=false
09-25 10:36:52.900: D/STATUSBAR-SignalClusterView(2550): mSeparateMobileGroup=8
09-25 10:36:52.900: D/STATUSBAR-SignalClusterView(2550): mSeparateMobileGroup=8
09-25 10:36:52.900: D/STATUSBAR-SignalClusterView(2550): mSeparateMobileGroup=8
09-25 10:36:54.900: D/STATUSBAR-NetworkController(2550): refreshSignalCluster: data=0 bt=false
09-25 10:36:54.900: D/STATUSBAR-SignalClusterView(2550): mSeparateMobileGroup=8
09-25 10:36:54.900: D/STATUSBAR-SignalClusterView(2550): mSeparateMobileGroup=8
09-25 10:36:54.900: D/STATUSBAR-SignalClusterView(2550): mSeparateMobileGroup=8
09-25 10:36:55.905: D/STATUSBAR-NetworkController(2550): refreshSignalCluster: data=0 bt=false
09-25 10:36:55.905: D/STATUSBAR-SignalClusterView(2550): mSeparateMobileGroup=8
09-25 10:36:55.905: D/STATUSBAR-SignalClusterView(2550): mSeparateMobileGroup=8
09-25 10:36:55.905: D/STATUSBAR-SignalClusterView(2550): mSeparateMobileGroup=8
09-25 10:36:56.005: D/BatteryService(2238): update start
09-25 10:36:56.005: D/BatteryService(2238): level:86 scale:100 status:2 health:2 present:true voltage: 4157 temperature: 290 technology: Li-ion AC powered:false USB powered:true icon:17303211 invalid charger:0
09-25 10:36:56.010: E/MtpService(18673): In MTPAPP onReceive:android.intent.action.BATTERY_CHANGED
09-25 10:36:56.010: E/MtpService(18673): battPlugged Type : 2
09-25 10:36:56.010: D/STATUSBAR-BatteryController(2550): onReceive() - ACTION_BATTERY_CHANGED
09-25 10:36:56.015: D/STATUSBAR-BatteryController(2550): onReceive() - level:86
09-25 10:36:56.015: D/STATUSBAR-BatteryController(2550): onReceive() - plugged:2
09-25 10:36:56.015: D/STATUSBAR-BatteryController(2550): onReceive() - BATTERY_STATUS_CHARGING:
09-25 10:36:56.015: D/STATUSBAR-PhoneStatusBar(2550): ACTION_BATTERY_CHANGED
09-25 10:36:56.210: D/dalvikvm(2238): GC_CONCURRENT freed 1936K, 39% free 41033K/67079K, paused 4ms+15ms, total 144ms
09-25 10:36:56.560: D/MSF.C.NetConnTag(11365): [E]netRecv ssoSeq:238223034 uin:*5208
09-25 10:36:56.600: D/Q.msg.MsgProxy(11299): [E]insertToList MessageRecord=friendUin:2778senderuin:3889,istroop:3000,msgType:-1000,time:1411612581,shmsgseq:9183
09-25 10:36:56.715: D/MSF.C.NetConnTag(11365): [E]netSend ssoSeq:7888 uin:*5208
09-25 10:36:56.715: D/MainService(11299): [MSF End]OnlinePush.PbPushDisMsg,cost=151ms.
09-25 10:36:56.905: D/STATUSBAR-NetworkController(2550): refreshSignalCluster: data=0 bt=false
09-25 10:36:56.905: D/STATUSBAR-SignalClusterView(2550): mSeparateMobileGroup=8
09-25 10:36:56.905: D/STATUSBAR-SignalClusterView(2550): mSeparateMobileGroup=8
09-25 10:36:56.905: D/STATUSBAR-SignalClusterView(2550): mSeparateMobileGroup=8
09-25 10:36:56.970: I/charon(20509): 13[IKE] sending keep alive to 192.95.26.227[4670]
09-25 10:36:56.975: W/SignalStrength(2238): getGsmLevel=1
09-25 10:36:56.975: W/SignalStrength(2238): getLevel=1 (SignalStrength: 5 -1 -1 -1 -1 -1 -1 -1 -1 -1 -1 -1 gsm|lte 1)
09-25 10:36:56.975: W/SignalStrength(2550): getGsmLevel=1
09-25 10:36:56.975: W/SignalStrength(2550): getLevel=1 (SignalStrength: 5 -1 -1 -1 -1 -1 -1 -1 -1 -1 -1 -1 gsm|lte 1)
09-25 10:36:56.975: W/SignalStrength(2550): getGsmLevel=1
09-25 10:36:56.975: D/STATUSBAR-NetworkController(2550): onSignalStrengthsChanged signalStrength=SignalStrength: 5 -1 -1 -1 -1 -1 -1 -1 -1 -1 -1 -1 gsm|lte 1 level=1
09-25 10:36:56.980: W/SignalStrength(2550): getLevel=1 (SignalStrength: 5 -1 -1 -1 -1 -1 -1 -1 -1 -1 -1 -1 gsm|lte 1)
09-25 10:36:56.980: W/SignalStrength(2238): getGsmDbm=-103
09-25 10:36:56.980: W/SignalStrength(2238): getDbm=-103
09-25 10:36:56.980: W/SignalStrength(2238): getGsmAsuLevel=5
09-25 10:36:56.980: W/SignalStrength(2238): getAsuLevel=5
09-25 10:36:56.980: D/STATUSBAR-NetworkController(2550): refreshSignalCluster: data=0 bt=false
09-25 10:36:56.980: D/STATUSBAR-SignalClusterView(2550): mSeparateMobileGroup=8
09-25 10:36:56.985: W/SignalStrength(2238): getGsmLevel=1
09-25 10:36:56.985: W/SignalStrength(2238): getLevel=1 (SignalStrength: 4 -1 -1 -1 -1 -1 -1 -1 -1 -1 -1 -1 gsm|lte 1)
09-25 10:36:56.985: D/STATUSBAR-SignalClusterView(2550): mSeparateMobileGroup=8
09-25 10:36:56.985: D/STATUSBAR-SignalClusterView(2550): mSeparateMobileGroup=8
09-25 10:36:56.990: W/SignalStrength(2238): getGsmDbm=-105
09-25 10:36:56.990: W/SignalStrength(2238): getDbm=-105
09-25 10:36:56.990: W/SignalStrength(2238): getGsmAsuLevel=4
09-25 10:36:56.990: W/SignalStrength(2238): getAsuLevel=4
09-25 10:36:57.005: W/SignalStrength(2550): getGsmLevel=1
09-25 10:36:57.005: W/SignalStrength(2550): getLevel=1 (SignalStrength: 4 -1 -1 -1 -1 -1 -1 -1 -1 -1 -1 -1 gsm|lte 1)
09-25 10:36:57.005: W/SignalStrength(2550): getGsmLevel=1
09-25 10:36:57.005: W/SignalStrength(2550): getLevel=1 (SignalStrength: 4 -1 -1 -1 -1 -1 -1 -1 -1 -1 -1 -1 gsm|lte 1)
09-25 10:36:57.005: D/STATUSBAR-NetworkController(2550): onSignalStrengthsChanged signalStrength=SignalStrength: 4 -1 -1 -1 -1 -1 -1 -1 -1 -1 -1 -1 gsm|lte 1 level=1
09-25 10:36:59.910: D/STATUSBAR-NetworkController(2550): refreshSignalCluster: data=0 bt=false
09-25 10:36:59.910: D/STATUSBAR-SignalClusterView(2550): mSeparateMobileGroup=8
09-25 10:36:59.910: D/STATUSBAR-SignalClusterView(2550): mSeparateMobileGroup=8
09-25 10:36:59.910: D/STATUSBAR-SignalClusterView(2550): mSeparateMobileGroup=8
09-25 10:36:59.995: V/AlarmManager(2238): waitForAlarm result :8
09-25 10:36:59.995: V/AlarmManager(2238): ClockReceiver onReceive() ACTION_TIME_TICK
09-25 10:36:59.995: W/AlarmManager(2238): FACTORY_ON= 0
09-25 10:37:00.005: D/STATUSBAR-Clock(2550): onReceive() - ACTION_TIME_TICK
09-25 10:37:00.025: D/STATUSBAR-Clock(2550): onReceive() - ACTION_TIME_TICK
09-25 10:37:00.145: D/PhoneNumberLocatorBootCompletedReceiver(2725): onReceive
09-25 10:37:00.145: D/PhoneNumberLocatorBootCompletedReceiver(2725): PhoneNumberLocatorBootCompletedReceiver.onReceive(ACTION_TIME_TICK)
09-25 10:37:00.150: D/ClockAlarmWidgetService(20454): [ClockAlarmWidgetService] onReceive: action = android.intent.action.TIME_TICK
09-25 10:37:00.150: E/ClockAlarmWidget(20454): [AlarmWidgetIdManager] getListItem() : itemIndex=0, widgetID:1
09-25 10:37:00.150: E/ClockAlarmWidget(20454): [AlarmWidgetIdManager] getListItem() : ItemIndex exceed ListItemCount. itemIndex=1
09-25 10:37:00.150: E/ClockAlarmWidget(20454): [AlarmWidgetIdManager] getListItem() : itemIndex=1, widgetID:1
09-25 10:37:00.150: D/ClockAlarmWidget(20454): [ClockAlarmWidgetProvider] fillData() - itemIndex:0, listitemID: 0
09-25 10:37:00.165: D/ClockAlarmDataProvider(20454): getAlarm() - too many same ID alarm data. nCount: 0
09-25 10:37:00.165: D/ClockAlarmWidget(20454): alarmItem = null
09-25 10:37:00.920: D/cocos2d-x debug info(6987): Send Message : CSPingReq
09-25 10:37:01.405: D/cocos2d-x debug info(6987): DidReadCompleted bufflen 18 ,ubyes 18
09-25 10:37:01.405: D/cocos2d-x debug info(6987): serTime  : (1411612226, 1411612237), 11
09-25 10:37:01.425: D/cocos2d-x debug info(6987): NotificationCenter.cpp line:199 msg:0x10000054
09-25 10:37:01.915: D/STATUSBAR-NetworkController(2550): refreshSignalCluster: data=0 bt=false
09-25 10:37:01.915: D/STATUSBAR-SignalClusterView(2550): mSeparateMobileGroup=8
09-25 10:37:01.915: D/STATUSBAR-SignalClusterView(2550): mSeparateMobileGroup=8
09-25 10:37:01.915: D/STATUSBAR-SignalClusterView(2550): mSeparateMobileGroup=8
09-25 10:37:02.920: D/STATUSBAR-NetworkController(2550): refreshSignalCluster: data=0 bt=false
09-25 10:37:02.920: D/STATUSBAR-SignalClusterView(2550): mSeparateMobileGroup=8
09-25 10:37:02.920: D/STATUSBAR-SignalClusterView(2550): mSeparateMobileGroup=8
09-25 10:37:02.920: D/STATUSBAR-SignalClusterView(2550): mSeparateMobileGroup=8
09-25 10:37:08.585: D/ApplicationPolicy(2238): isStatusBarNotificationAllowed: packageName = com.qihoo360.mobilesafe
09-25 10:37:08.585: D/STATUSBAR-NotificationService(2238): Noti Alert - mSystemReady:true, AlertEnabled:true
09-25 10:37:08.590: D/StatusBar(2550): expanding top notification at 6entry.userCollapsed() = false
09-25 10:37:09.775: D/MSF.C.NetConnTag(11365): [E]netRecv ssoSeq:238249420 uin:*5208
09-25 10:37:09.815: D/Q.msg.MsgProxy(11299): [E]insertToList MessageRecord=friendUin:2778senderuin:7367,istroop:3000,msgType:-1000,time:1411612595,shmsgseq:9184
09-25 10:37:09.900: D/MSF.C.NetConnTag(11365): [E]netSend ssoSeq:7889 uin:*5208
09-25 10:37:09.905: D/MainService(11299): [MSF End]OnlinePush.PbPushDisMsg,cost=124ms.
09-25 10:37:09.935: D/STATUSBAR-NetworkController(2550): refreshSignalCluster: data=0 bt=false
09-25 10:37:09.935: D/STATUSBAR-SignalClusterView(2550): mSeparateMobileGroup=8
09-25 10:37:09.935: D/STATUSBAR-SignalClusterView(2550): mSeparateMobileGroup=8
09-25 10:37:09.935: D/STATUSBAR-SignalClusterView(2550): mSeparateMobileGroup=8
09-25 10:37:10.145: V/AwesomePlayer(1938): seekAudioIfNecessary_l mSeekTimeUs (0)
09-25 10:37:10.145: V/AudioSink(1938): flush
09-25 10:37:10.210: V/AwesomePlayer(1938): notifyListner_l() msg (4-MEDIA_SEEK_COMPLETE), ext1 (0), ext2 (0)
09-25 10:37:10.210: V/MediaPlayerService(1938): [107] notify (0x41b44e30, 4, 0, 0)
09-25 10:37:10.210: V/MediaPlayer(6987): message received msg=4, ext1=0, ext2=0
09-25 10:37:10.210: V/MediaPlayer(6987): Received seek complete
09-25 10:37:10.210: V/MediaPlayer(6987): All seeks complete - return to regularly scheduled program
09-25 10:37:10.210: V/MediaPlayer(6987): callback application
09-25 10:37:10.210: V/MediaPlayer(6987): back from callback
09-25 10:37:10.385: W/PowerManagerService(2238): Timer 0x3->0x1|0x3
